// Jest Snapshot v1, https://goo.gl/fbAQLP

exports[`codemods jquery add class 1`] = `
"el.classList.add(className)
foo.addClass(otherClassThing)"
`;
