// Jest Snapshot v1, https://goo.gl/fbAQLP

exports[`2. captains-log 1`] = `
"
function add(a, b) {
  console.log(a, b)
  return a + b
}

      ↓ ↓ ↓ ↓ ↓ ↓

function add(a, b) {
  console.log(\\"add 2:2\\", a, b);
  return a + b;
}
"
`;

exports[`3. captains-log 1`] = `
"
const multiply = (a, b) => {
  console.log(a, b)
  return a * b
}

      ↓ ↓ ↓ ↓ ↓ ↓

const multiply = (a, b) => {
  console.log(\\"multiply 2:2\\", a, b);
  return a * b;
};
"
`;

exports[`4. captains-log 1`] = `
"
const divide = function(a, b) {
  console.log(a, b)
  return a / b
}

      ↓ ↓ ↓ ↓ ↓ ↓

const divide = function (a, b) {
  console.log(\\"divide 2:2\\", a, b);
  return a / b;
};
"
`;

exports[`5. captains-log 1`] = `
"
module.exports = hello

function hello() {
  console.log('in hello here')
}

      ↓ ↓ ↓ ↓ ↓ ↓

module.exports = hello;

function hello() {
  console.log('hello 4:2', 'in hello here');
}
"
`;

exports[`6. captains-log 1`] = `
"
module.exports = helloWorld

function helloWorld() {
  console.log('in helloWorld here')
}

      ↓ ↓ ↓ ↓ ↓ ↓

module.exports = helloWorld;

function helloWorld() {
  console.log('helloWorld 4:2', 'in helloWorld here');
}
"
`;
