// Jest Snapshot v1, https://goo.gl/fbAQLP

exports[`transpiles jquery-hide calls to raw DOM APIs 1`] = `
"$(el).hide();
foo.hide();"
`;
